// Jest Snapshot v1, https://goo.gl/fbAQLP

exports[`Histopathology landing page renders correctly 1`] = `
<div>
  <div
    class="banner"
  >
    <div
      class="pb-4 pt-5 container container"
    >
      <div
        class="col-12 col-md-8 ps-4 pe-4"
      >
        <div
          class="tabs"
        >
          <a
            class="tab__active"
            href="/search"
          >
            Genes
          </a>
          <a
            class="tab"
            href="/search?type=pheno"
          >
            Phenotypes
          </a>
          <a
            class="tab"
            href="https://dev.mousephenotype.org/?s="
          >
            Help, news, blog
          </a>
        </div>
        <div
          class="inputCont"
        >
          <input
            class="input"
            placeholder="Search for a gene..."
            title="main search box"
            type="text"
            value=""
          />
          <button
            aria-describedby="svg-inline--fa-title-search-icon"
            class="searchBtn"
          >
            <svg
              aria-labelledby="svg-inline--fa-title-search-icon"
              class="svg-inline--fa fa-magnifying-glass "
              data-icon="magnifying-glass"
              data-prefix="fas"
              role="img"
              viewBox="0 0 512 512"
              xmlns="http://www.w3.org/2000/svg"
            >
              <title
                id="svg-inline--fa-title-search-icon"
              >
                Search button
              </title>
              <path
                d="M416 208c0 45.9-14.9 88.3-40 122.7L502.6 457.4c12.5 12.5 12.5 32.8 0 45.3s-32.8 12.5-45.3 0L330.7 376c-34.4 25.2-76.8 40-122.7 40C93.1 416 0 322.9 0 208S93.1 0 208 0S416 93.1 416 208zM208 352a144 144 0 1 0 0-288 144 144 0 1 0 0 288z"
                fill="currentColor"
              />
            </svg>
          </button>
        </div>
      </div>
    </div>
  </div>
  <div
    class="page container"
    style="line-height: 2;"
  >
    <div
      class="card"
    >
      <div
        class="subheading"
      >
        <nav
          aria-label="breadcrumb"
        >
          <ol
            class="breadcrumb"
          >
            <li
              aria-current="page"
              class="breadcrumb-item active"
            >
              Home
            </li>
            <li
              aria-current="page"
              class="breadcrumb-item active"
            >
              IMPC data collections
            </li>
            <li
              aria-current="page"
              class="breadcrumb-item active"
            >
              Histopathology Data
            </li>
          </ol>
        </nav>
      </div>
      <h1
        class="mb-4 mt-2"
      >
        <strong>
          Histopathology Data
        </strong>
      </h1>
      <div
        class="container"
      >
        <div>
          <p
            class="my-0"
          >
            <b>
              Significance Score:
            </b>
          </p>
          <div>
            <div
              class="labelContainer"
              title="No Data"
            >
              <div
                class="heatmapLabel"
                style="background-color: rgb(255, 255, 255);"
              />
              <div>
                  No Data
              </div>
            </div>
            <div
              class="labelContainer"
              title="Not Applicable"
            >
              <div
                class="heatmapLabel"
                style="background-color: rgb(128, 128, 128);"
              />
              <div>
                  Not Applicable
              </div>
            </div>
            <div
              class="labelContainer"
              title="Not Significant"
            >
              <div
                class="heatmapLabel"
                style="background-color: rgb(23, 162, 184);"
              />
                
              <div>
                <b>
                  Not Significant
                </b>
                 (histopathology finding that is interpreted by the histopathologist to be within normal limits of background strain-related findings or an incidental finding not related to genotype)
              </div>
            </div>
            <div
              class="labelContainer"
              title="Significant"
            >
              <div
                class="heatmapLabel"
                style="background-color: rgb(206, 98, 17);"
              />
                
              <div>
                <b>
                  Significant
                </b>
                 (histopathology finding that is interpreted by the histopathologist to not be a background strain-related finding or an incidental finding)
              </div>
            </div>
          </div>
        </div>
      </div>
      <div
        class="topControls"
      >
        <div>
          Gene search:
          <input
            class="form-control"
            title="gene search box"
            type="text"
            value=""
          />
        </div>
        <div>
          Show
          <select
            class="form-select"
            name="pageSize"
          >
            <option
              value="10"
            >
              10
            </option>
            <option
              value="25"
            >
              25
            </option>
            <option
              value="50"
            >
              50
            </option>
            <option
              value="100"
            >
              100
            </option>
          </select>
          entries
        </div>
      </div>
      <div
        class="mt-4"
        style="display: flex; justify-content: center;"
      >
        <div
          data-test-id="CircularProgressbarWithChildren"
        >
          <div
            style="position: relative; width: 100%; height: 100%;"
          >
            <svg
              class="CircularProgressbar rotating"
              data-test-id="CircularProgressbar"
              viewBox="0 0 100 100"
            >
              <path
                class="CircularProgressbar-trail"
                d="
      M 50,50
      m 0,-44
      a 44,44 0 1 1 0,88
      a 44,44 0 1 1 0,-88
    "
                fill-opacity="0"
                stroke-width="12"
                style="stroke: #fff; stroke-dasharray: 276.46015351590177px 276.46015351590177px; stroke-dashoffset: 0px;"
              />
              <path
                class="CircularProgressbar-path"
                d="
      M 50,50
      m 0,-44
      a 44,44 0 1 1 0,88
      a 44,44 0 1 1 0,-88
    "
                fill-opacity="0"
                stroke-width="12"
                style="stroke: #ccc; transition: stroke-dashoffset 2s ease 0s; stroke-dasharray: 276.46015351590177px 276.46015351590177px; stroke-dashoffset: 55.29203070318034px;"
              />
            </svg>
          </div>
        </div>
      </div>
      <div
        class="mt-1"
      >
        <span>
          * This column is from data made available to us, send us a message to inquiry about genes with no fixed tissue from 
          <a
            class="link primary"
            href="http://www.mousephenotype.org/contact-us/"
          >
            our Contact page
          </a>
        </span>
      </div>
      <div
        class="mt-1"
      />
    </div>
  </div>
</div>
`;
