// Jest Snapshot v1, https://goo.gl/fbAQLP

exports[`Gene page renders correctly 1`] = `
<div>
  <button
    class="btn btn-primary"
    style="position: fixed; z-index: 100; bottom: -100px; right: 100px; transition: .3s ease transform;"
    type="button"
  >
    Compare Genes
     
    <span
      class="bg-white"
      style="display: inline-block; height: 22px; padding: 0px 7px; border-radius: 11px; margin-left: 6px; font-weight: bold; color: rgb(0, 0, 0);"
    >
      0
    </span>
  </button>
  <div
    class="banner"
  >
    <div
      class="pb-4 pt-5 container container"
    >
      <div
        class="col-12 col-md-8 ps-4 pe-4"
      >
        <div
          class="tabs"
        >
          <a
            class="tab__active"
            href="/search"
          >
            Genes
          </a>
          <a
            class="tab"
            href="/search?type=phenotype"
          >
            Phenotypes
          </a>
          <a
            class="tab"
            href="https://dev.mousephenotype.org/?s="
          >
            Help, news, blog
          </a>
        </div>
        <div
          class="inputCont"
        >
          <input
            class="input"
            placeholder="Search All 7824 Knockout Data..."
            title="main search box"
            type="text"
            value=""
          />
          <button
            aria-describedby="svg-inline--fa-title-search-icon"
            class="searchBtn"
          >
            <svg
              aria-labelledby="svg-inline--fa-title-search-icon"
              class="svg-inline--fa fa-magnifying-glass "
              data-icon="magnifying-glass"
              data-prefix="fas"
              role="img"
              viewBox="0 0 512 512"
              xmlns="http://www.w3.org/2000/svg"
            >
              <title
                id="svg-inline--fa-title-search-icon"
              >
                Search button
              </title>
              <path
                d="M416 208c0 45.9-14.9 88.3-40 122.7L502.6 457.4c12.5 12.5 12.5 32.8 0 45.3s-32.8 12.5-45.3 0L330.7 376c-34.4 25.2-76.8 40-122.7 40C93.1 416 0 322.9 0 208S93.1 0 208 0S416 93.1 416 208zM208 352a144 144 0 1 0 0-288 144 144 0 1 0 0 288z"
                fill="currentColor"
              />
            </svg>
          </button>
        </div>
      </div>
    </div>
  </div>
  <div
    class="page container"
  >
    <div
      class="card"
    >
      <div
        class="subheadingCont"
      >
        <div
          class="subheading"
        >
          <span
            class="subheadingSection"
          >
            Gene
          </span>
          <span
            class="subheadingSection"
          />
        </div>
      </div>
      <br />
      <p
        class="grey"
      >
        Loading...
      </p>
    </div>
  </div>
</div>
`;
