// Jest Snapshot v1, https://goo.gl/fbAQLP

exports[`Allele Page - Allele Map renders correctly 1`] = `
<div>
  <div
    class="card"
  >
    <h2>
      Allele Map
    </h2>
    <p
      class="mb-0"
    >
      <a
        class="primary link"
        href="https://escell-data.s3.eu-west-2.amazonaws.com/targ_rep_allele/11509/escell-clone-genbank-file"
        target="_blank"
      >
        Genbank
        <svg
          aria-hidden="true"
          class="svg-inline--fa fa-up-right-from-square "
          data-icon="up-right-from-square"
          data-prefix="fas"
          focusable="false"
          role="img"
          style="margin-left: 5px;"
          viewBox="0 0 512 512"
          xmlns="http://www.w3.org/2000/svg"
        >
          <path
            d="M352 0c-12.9 0-24.6 7.8-29.6 19.8s-2.2 25.7 6.9 34.9L370.7 96 201.4 265.4c-12.5 12.5-12.5 32.8 0 45.3s32.8 12.5 45.3 0L416 141.3l41.4 41.4c9.2 9.2 22.9 11.9 34.9 6.9s19.8-16.6 19.8-29.6V32c0-17.7-14.3-32-32-32H352zM80 32C35.8 32 0 67.8 0 112V432c0 44.2 35.8 80 80 80H400c44.2 0 80-35.8 80-80V320c0-17.7-14.3-32-32-32s-32 14.3-32 32V432c0 8.8-7.2 16-16 16H80c-8.8 0-16-7.2-16-16V112c0-8.8 7.2-16 16-16H192c17.7 0 32-14.3 32-32s-14.3-32-32-32H80z"
            fill="currentColor"
          />
        </svg>
      </a>
      Â 
      <span
        class="grey ms-2 me-2"
      >
        |
      </span>
      <a
        class="primary link"
        href="https://www.ensembl.org/Mus_musculus/Location/View?g=ENSMUSG00000034675"
        target="_blank"
      >
        Ensembl
        <svg
          aria-hidden="true"
          class="svg-inline--fa fa-up-right-from-square "
          data-icon="up-right-from-square"
          data-prefix="fas"
          focusable="false"
          role="img"
          style="margin-left: 5px;"
          viewBox="0 0 512 512"
          xmlns="http://www.w3.org/2000/svg"
        >
          <path
            d="M352 0c-12.9 0-24.6 7.8-29.6 19.8s-2.2 25.7 6.9 34.9L370.7 96 201.4 265.4c-12.5 12.5-12.5 32.8 0 45.3s32.8 12.5 45.3 0L416 141.3l41.4 41.4c9.2 9.2 22.9 11.9 34.9 6.9s19.8-16.6 19.8-29.6V32c0-17.7-14.3-32-32-32H352zM80 32C35.8 32 0 67.8 0 112V432c0 44.2 35.8 80 80 80H400c44.2 0 80-35.8 80-80V320c0-17.7-14.3-32-32-32s-32 14.3-32 32V432c0 8.8-7.2 16-16 16H80c-8.8 0-16-7.2-16-16V112c0-8.8 7.2-16 16-16H192c17.7 0 32-14.3 32-32s-14.3-32-32-32H80z"
            fill="currentColor"
          />
        </svg>
      </a>
    </p>
    <div>
      <img
        src="https://escell-data.s3.eu-west-2.amazonaws.com/targ_rep_allele/11509/simple.png"
        style="display: block; max-width: 100%;"
      />
    </div>
  </div>
</div>
`;
