// Jest Snapshot v1, https://goo.gl/fbAQLP

exports[`Allele Page - TVP renders correctly 1`] = `
<div>
  <div
    class="card"
    id="targetingVector"
  >
    <h2
      data-testid="header"
    >
      Targeting vectors
    </h2>
    <div
      class="buttonsWrapper top "
      data-testid="top-controls-wrapper"
    />
    <div
      class="tableWrapper"
    >
      <table
        class="table striped undefined table table-bordered"
      >
        <thead>
          <tr>
            <th
              rowspan="2"
              width="16.666666666666664%"
            >
              <button
                class="inlineButton headerButton disabled"
                style="font-weight: inherit;"
              >
                Design Oligos
                 
              </button>
            </th>
            <th
              rowspan="2"
              width="16.666666666666664%"
            >
              <button
                class="inlineButton headerButton disabled"
                style="font-weight: inherit;"
              >
                Targeting Vector
                 
              </button>
            </th>
            <th
              rowspan="2"
              width="8.333333333333332%"
            >
              <button
                class="inlineButton headerButton disabled"
                style="font-weight: inherit;"
              >
                Cassette
                 
              </button>
            </th>
            <th
              rowspan="2"
              width="8.333333333333332%"
            >
              <button
                class="inlineButton headerButton disabled"
                style="font-weight: inherit;"
              >
                Backbone
                 
              </button>
            </th>
            <th
              rowspan="2"
              width="12.5%"
            >
              <button
                class="inlineButton headerButton disabled"
                style="font-weight: inherit;"
              >
                IKMC Project
                 
              </button>
            </th>
            <th
              rowspan="2"
              width="12.5%"
            >
              <button
                class="inlineButton headerButton disabled"
                style="font-weight: inherit;"
              >
                Genbank File
                 
              </button>
            </th>
            <th
              rowspan="2"
              width="12.5%"
            >
              <button
                class="inlineButton headerButton disabled"
                style="font-weight: inherit;"
              >
                Vector Map
                 
              </button>
            </th>
            <th
              rowspan="2"
              width="12.5%"
            >
              <button
                class="inlineButton headerButton disabled"
                style="font-weight: inherit;"
              >
                Order
                 
              </button>
            </th>
          </tr>
          <tr />
        </thead>
        <tbody>
          <tr>
            <td>
              <a
                class="primary link"
                href="/designs/49236"
              >
                View design oligo
                 
              </a>
              <strong />
            </td>
            <td>
              PG00070_W_1_D05
            </td>
            <td>
              L1L2_Bact_P
            </td>
            <td>
              L3L4_pD223_DTA_T_spec
            </td>
            <td>
              40214
            </td>
            <td>
              <a
                class="link primary"
                href="https://escell-data.s3.eu-west-2.amazonaws.com/targ_rep_allele/11509/targeting-vector-genbank-file"
                style="text-transform: capitalize;"
                target="_blank"
              >
                Genbank file
                 
                <svg
                  aria-hidden="true"
                  class="svg-inline--fa fa-up-right-from-square fa-xs grey"
                  data-icon="up-right-from-square"
                  data-prefix="fas"
                  focusable="false"
                  role="img"
                  viewBox="0 0 512 512"
                  xmlns="http://www.w3.org/2000/svg"
                >
                  <path
                    d="M352 0c-12.9 0-24.6 7.8-29.6 19.8s-2.2 25.7 6.9 34.9L370.7 96 201.4 265.4c-12.5 12.5-12.5 32.8 0 45.3s32.8 12.5 45.3 0L416 141.3l41.4 41.4c9.2 9.2 22.9 11.9 34.9 6.9s19.8-16.6 19.8-29.6V32c0-17.7-14.3-32-32-32H352zM80 32C35.8 32 0 67.8 0 112V432c0 44.2 35.8 80 80 80H400c44.2 0 80-35.8 80-80V320c0-17.7-14.3-32-32-32s-32 14.3-32 32V432c0 8.8-7.2 16-16 16H80c-8.8 0-16-7.2-16-16V112c0-8.8 7.2-16 16-16H192c17.7 0 32-14.3 32-32s-14.3-32-32-32H80z"
                    fill="currentColor"
                  />
                </svg>
              </a>
            </td>
            <td>
              <a
                class="link primary"
                href="https://escell-data.s3.eu-west-2.amazonaws.com/targ_rep_allele/11509/vector.png"
                style="text-transform: capitalize;"
                target="_blank"
              >
                Vector map
                 
                <svg
                  aria-hidden="true"
                  class="svg-inline--fa fa-up-right-from-square fa-xs grey"
                  data-icon="up-right-from-square"
                  data-prefix="fas"
                  focusable="false"
                  role="img"
                  viewBox="0 0 512 512"
                  xmlns="http://www.w3.org/2000/svg"
                >
                  <path
                    d="M352 0c-12.9 0-24.6 7.8-29.6 19.8s-2.2 25.7 6.9 34.9L370.7 96 201.4 265.4c-12.5 12.5-12.5 32.8 0 45.3s32.8 12.5 45.3 0L416 141.3l41.4 41.4c9.2 9.2 22.9 11.9 34.9 6.9s19.8-16.6 19.8-29.6V32c0-17.7-14.3-32-32-32H352zM80 32C35.8 32 0 67.8 0 112V432c0 44.2 35.8 80 80 80H400c44.2 0 80-35.8 80-80V320c0-17.7-14.3-32-32-32s-32 14.3-32 32V432c0 8.8-7.2 16-16 16H80c-8.8 0-16-7.2-16-16V112c0-8.8 7.2-16 16-16H192c17.7 0 32-14.3 32-32s-14.3-32-32-32H80z"
                    fill="currentColor"
                  />
                </svg>
              </a>
            </td>
            <td>
              <a
                class="link primary"
                href="https://www.mmrrc.org/catalog/StrainCatalogSearchForm.php?SourceCollection=KOMP&search_query=MGI:1931838"
                target="_blank"
              >
                <svg
                  aria-hidden="true"
                  class="svg-inline--fa fa-cart-shopping "
                  data-icon="cart-shopping"
                  data-prefix="fas"
                  focusable="false"
                  role="img"
                  viewBox="0 0 576 512"
                  xmlns="http://www.w3.org/2000/svg"
                >
                  <path
                    d="M0 24C0 10.7 10.7 0 24 0H69.5c22 0 41.5 12.8 50.6 32h411c26.3 0 45.5 25 38.6 50.4l-41 152.3c-8.5 31.4-37 53.3-69.5 53.3H170.7l5.4 28.5c2.2 11.3 12.1 19.5 23.6 19.5H488c13.3 0 24 10.7 24 24s-10.7 24-24 24H199.7c-34.6 0-64.3-24.6-70.7-58.5L77.4 54.5c-.7-3.8-4-6.5-7.9-6.5H24C10.7 48 0 37.3 0 24zM128 464a48 48 0 1 1 96 0 48 48 0 1 1 -96 0zm336-48a48 48 0 1 1 0 96 48 48 0 1 1 0-96z"
                    fill="currentColor"
                  />
                </svg>
                 
                KOMP
              </a>
            </td>
          </tr>
          <tr>
            <td>
              <a
                class="primary link"
                href="/designs/49236"
              >
                View design oligo
                 
              </a>
              <strong />
            </td>
            <td>
              PRPGS00070_C_D05
            </td>
            <td>
              L1L2_Bact_P
            </td>
            <td>
              L3L4_pD223_DTA_T_spec
            </td>
            <td>
              40214
            </td>
            <td>
              <a
                class="link primary"
                href="https://escell-data.s3.eu-west-2.amazonaws.com/targ_rep_allele/11509/targeting-vector-genbank-file"
                style="text-transform: capitalize;"
                target="_blank"
              >
                Genbank file
                 
                <svg
                  aria-hidden="true"
                  class="svg-inline--fa fa-up-right-from-square fa-xs grey"
                  data-icon="up-right-from-square"
                  data-prefix="fas"
                  focusable="false"
                  role="img"
                  viewBox="0 0 512 512"
                  xmlns="http://www.w3.org/2000/svg"
                >
                  <path
                    d="M352 0c-12.9 0-24.6 7.8-29.6 19.8s-2.2 25.7 6.9 34.9L370.7 96 201.4 265.4c-12.5 12.5-12.5 32.8 0 45.3s32.8 12.5 45.3 0L416 141.3l41.4 41.4c9.2 9.2 22.9 11.9 34.9 6.9s19.8-16.6 19.8-29.6V32c0-17.7-14.3-32-32-32H352zM80 32C35.8 32 0 67.8 0 112V432c0 44.2 35.8 80 80 80H400c44.2 0 80-35.8 80-80V320c0-17.7-14.3-32-32-32s-32 14.3-32 32V432c0 8.8-7.2 16-16 16H80c-8.8 0-16-7.2-16-16V112c0-8.8 7.2-16 16-16H192c17.7 0 32-14.3 32-32s-14.3-32-32-32H80z"
                    fill="currentColor"
                  />
                </svg>
              </a>
            </td>
            <td>
              <a
                class="link primary"
                href="https://escell-data.s3.eu-west-2.amazonaws.com/targ_rep_allele/11509/vector.png"
                style="text-transform: capitalize;"
                target="_blank"
              >
                Vector map
                 
                <svg
                  aria-hidden="true"
                  class="svg-inline--fa fa-up-right-from-square fa-xs grey"
                  data-icon="up-right-from-square"
                  data-prefix="fas"
                  focusable="false"
                  role="img"
                  viewBox="0 0 512 512"
                  xmlns="http://www.w3.org/2000/svg"
                >
                  <path
                    d="M352 0c-12.9 0-24.6 7.8-29.6 19.8s-2.2 25.7 6.9 34.9L370.7 96 201.4 265.4c-12.5 12.5-12.5 32.8 0 45.3s32.8 12.5 45.3 0L416 141.3l41.4 41.4c9.2 9.2 22.9 11.9 34.9 6.9s19.8-16.6 19.8-29.6V32c0-17.7-14.3-32-32-32H352zM80 32C35.8 32 0 67.8 0 112V432c0 44.2 35.8 80 80 80H400c44.2 0 80-35.8 80-80V320c0-17.7-14.3-32-32-32s-32 14.3-32 32V432c0 8.8-7.2 16-16 16H80c-8.8 0-16-7.2-16-16V112c0-8.8 7.2-16 16-16H192c17.7 0 32-14.3 32-32s-14.3-32-32-32H80z"
                    fill="currentColor"
                  />
                </svg>
              </a>
            </td>
            <td>
              <a
                class="link primary"
                href="https://www.mmrrc.org/catalog/StrainCatalogSearchForm.php?SourceCollection=KOMP&search_query=MGI:1931838"
                target="_blank"
              >
                <svg
                  aria-hidden="true"
                  class="svg-inline--fa fa-cart-shopping "
                  data-icon="cart-shopping"
                  data-prefix="fas"
                  focusable="false"
                  role="img"
                  viewBox="0 0 576 512"
                  xmlns="http://www.w3.org/2000/svg"
                >
                  <path
                    d="M0 24C0 10.7 10.7 0 24 0H69.5c22 0 41.5 12.8 50.6 32h411c26.3 0 45.5 25 38.6 50.4l-41 152.3c-8.5 31.4-37 53.3-69.5 53.3H170.7l5.4 28.5c2.2 11.3 12.1 19.5 23.6 19.5H488c13.3 0 24 10.7 24 24s-10.7 24-24 24H199.7c-34.6 0-64.3-24.6-70.7-58.5L77.4 54.5c-.7-3.8-4-6.5-7.9-6.5H24C10.7 48 0 37.3 0 24zM128 464a48 48 0 1 1 96 0 48 48 0 1 1 -96 0zm336-48a48 48 0 1 1 0 96 48 48 0 1 1 0-96z"
                    fill="currentColor"
                  />
                </svg>
                 
                KOMP
              </a>
            </td>
          </tr>
          <tr>
            <td>
              <a
                class="primary link"
                href="/designs/49236"
              >
                View design oligo
                 
              </a>
              <strong />
            </td>
            <td>
              PRPGS00070_B_D05
            </td>
            <td>
              L1L2_Bact_P
            </td>
            <td>
              L3L4_pD223_DTA_spec
            </td>
            <td>
              40213
            </td>
            <td>
              <a
                class="link primary"
                href="https://escell-data.s3.eu-west-2.amazonaws.com/targ_rep_allele/11510/targeting-vector-genbank-file"
                style="text-transform: capitalize;"
                target="_blank"
              >
                Genbank file
                 
                <svg
                  aria-hidden="true"
                  class="svg-inline--fa fa-up-right-from-square fa-xs grey"
                  data-icon="up-right-from-square"
                  data-prefix="fas"
                  focusable="false"
                  role="img"
                  viewBox="0 0 512 512"
                  xmlns="http://www.w3.org/2000/svg"
                >
                  <path
                    d="M352 0c-12.9 0-24.6 7.8-29.6 19.8s-2.2 25.7 6.9 34.9L370.7 96 201.4 265.4c-12.5 12.5-12.5 32.8 0 45.3s32.8 12.5 45.3 0L416 141.3l41.4 41.4c9.2 9.2 22.9 11.9 34.9 6.9s19.8-16.6 19.8-29.6V32c0-17.7-14.3-32-32-32H352zM80 32C35.8 32 0 67.8 0 112V432c0 44.2 35.8 80 80 80H400c44.2 0 80-35.8 80-80V320c0-17.7-14.3-32-32-32s-32 14.3-32 32V432c0 8.8-7.2 16-16 16H80c-8.8 0-16-7.2-16-16V112c0-8.8 7.2-16 16-16H192c17.7 0 32-14.3 32-32s-14.3-32-32-32H80z"
                    fill="currentColor"
                  />
                </svg>
              </a>
            </td>
            <td>
              <a
                class="link primary"
                href="https://escell-data.s3.eu-west-2.amazonaws.com/targ_rep_allele/11510/vector.png"
                style="text-transform: capitalize;"
                target="_blank"
              >
                Vector map
                 
                <svg
                  aria-hidden="true"
                  class="svg-inline--fa fa-up-right-from-square fa-xs grey"
                  data-icon="up-right-from-square"
                  data-prefix="fas"
                  focusable="false"
                  role="img"
                  viewBox="0 0 512 512"
                  xmlns="http://www.w3.org/2000/svg"
                >
                  <path
                    d="M352 0c-12.9 0-24.6 7.8-29.6 19.8s-2.2 25.7 6.9 34.9L370.7 96 201.4 265.4c-12.5 12.5-12.5 32.8 0 45.3s32.8 12.5 45.3 0L416 141.3l41.4 41.4c9.2 9.2 22.9 11.9 34.9 6.9s19.8-16.6 19.8-29.6V32c0-17.7-14.3-32-32-32H352zM80 32C35.8 32 0 67.8 0 112V432c0 44.2 35.8 80 80 80H400c44.2 0 80-35.8 80-80V320c0-17.7-14.3-32-32-32s-32 14.3-32 32V432c0 8.8-7.2 16-16 16H80c-8.8 0-16-7.2-16-16V112c0-8.8 7.2-16 16-16H192c17.7 0 32-14.3 32-32s-14.3-32-32-32H80z"
                    fill="currentColor"
                  />
                </svg>
              </a>
            </td>
            <td>
              <a
                class="link primary"
                href="https://www.mmrrc.org/catalog/StrainCatalogSearchForm.php?SourceCollection=KOMP&search_query=MGI:1931838"
                target="_blank"
              >
                <svg
                  aria-hidden="true"
                  class="svg-inline--fa fa-cart-shopping "
                  data-icon="cart-shopping"
                  data-prefix="fas"
                  focusable="false"
                  role="img"
                  viewBox="0 0 576 512"
                  xmlns="http://www.w3.org/2000/svg"
                >
                  <path
                    d="M0 24C0 10.7 10.7 0 24 0H69.5c22 0 41.5 12.8 50.6 32h411c26.3 0 45.5 25 38.6 50.4l-41 152.3c-8.5 31.4-37 53.3-69.5 53.3H170.7l5.4 28.5c2.2 11.3 12.1 19.5 23.6 19.5H488c13.3 0 24 10.7 24 24s-10.7 24-24 24H199.7c-34.6 0-64.3-24.6-70.7-58.5L77.4 54.5c-.7-3.8-4-6.5-7.9-6.5H24C10.7 48 0 37.3 0 24zM128 464a48 48 0 1 1 96 0 48 48 0 1 1 -96 0zm336-48a48 48 0 1 1 0 96 48 48 0 1 1 0-96z"
                    fill="currentColor"
                  />
                </svg>
                 
                KOMP
              </a>
            </td>
          </tr>
        </tbody>
      </table>
    </div>
    <div
      class="buttonsWrapper "
    />
  </div>
</div>
`;
