// Jest Snapshot v1, https://goo.gl/fbAQLP

exports[`Download images page renders correctly 1`] = `
<div>
  <div
    class="banner"
  >
    <div
      class="pb-4 pt-5 container container"
    >
      <div
        class="col-12 col-md-8 ps-4 pe-4"
      >
        <div
          class="tabs"
        >
          <a
            class="tab__active"
            href="/search"
          >
            Genes
          </a>
          <a
            class="tab"
            href="/search?type=phenotype"
          >
            Phenotypes
          </a>
          <a
            class="tab"
            href="https://dev.mousephenotype.org/?s="
          >
            Help, news, blog
          </a>
        </div>
        <div
          class="inputCont"
        >
          <input
            class="input"
            placeholder="Search for a gene..."
            title="main search box"
            type="text"
            value=""
          />
          <button
            aria-describedby="svg-inline--fa-title-search-icon"
            class="searchBtn"
          >
            <svg
              aria-labelledby="svg-inline--fa-title-search-icon"
              class="svg-inline--fa fa-magnifying-glass "
              data-icon="magnifying-glass"
              data-prefix="fas"
              role="img"
              viewBox="0 0 512 512"
              xmlns="http://www.w3.org/2000/svg"
            >
              <title
                id="svg-inline--fa-title-search-icon"
              >
                Search button
              </title>
              <path
                d="M416 208c0 45.9-14.9 88.3-40 122.7L502.6 457.4c12.5 12.5 12.5 32.8 0 45.3s-32.8 12.5-45.3 0L330.7 376c-34.4 25.2-76.8 40-122.7 40C93.1 416 0 322.9 0 208S93.1 0 208 0S416 93.1 416 208zM208 352a144 144 0 1 0 0-288 144 144 0 1 0 0 288z"
                fill="currentColor"
              />
            </svg>
          </button>
        </div>
      </div>
    </div>
  </div>
  <div
    class="page container"
  >
    <div
      class="card"
    >
      <a
        class="grey mb-3 small"
        href="/genes/MGI:1931838#images"
      >
        <svg
          aria-hidden="true"
          class="svg-inline--fa fa-arrow-left-long "
          data-icon="arrow-left-long"
          data-prefix="fas"
          focusable="false"
          role="img"
          viewBox="0 0 512 512"
          xmlns="http://www.w3.org/2000/svg"
        >
          <path
            d="M9.4 233.4c-12.5 12.5-12.5 32.8 0 45.3l128 128c12.5 12.5 32.8 12.5 45.3 0s12.5-32.8 0-45.3L109.3 288 480 288c17.7 0 32-14.3 32-32s-14.3-32-32-32l-370.7 0 73.4-73.4c12.5-12.5 12.5-32.8 0-45.3s-32.8-12.5-45.3 0l-128 128z"
            fill="currentColor"
          />
        </svg>
          BACK TO GENE
      </a>
      <h1
        class="mb-4 mt-2"
        style="display: flex; gap: 1rem;"
      >
        <strong>
          <span
            aria-busy="true"
            aria-live="polite"
          >
            <span
              class="react-loading-skeleton"
              style="width: 50px;"
            >
              ‌
            </span>
          </span>
        </strong>
         
        / 
        <span
          aria-busy="true"
          aria-live="polite"
        >
          <span
            class="react-loading-skeleton"
            style="width: 50px;"
          >
            ‌
          </span>
        </span>
      </h1>
      <h2>
        Mutant Files
      </h2>
      <h2
        class="mt-2"
      >
        Control Files
      </h2>
    </div>
  </div>
</div>
`;
